--
-- test mysql str_to_date
--
-- check lightdb syntax compatible mode
create database test_oracle_db with lightdb_syntax_compatible_type 'oracle';
NOTICE:  auto create user "test_oracle_db" success
\c test_oracle_db;
-- set date style
-- reference: https://www.postgresql.org/docs/current/datatype-datetime.html#DATATYPE-DATETIME-OUTPUT
set DateStyle to ISO;
set DateStyle to YMD;
show DateStyle;
 DateStyle 
-----------
 ISO, YMD
(1 row)

create function str_to_date(text,text) returns date
as $$ select cast('2021-04-22' as date) $$ language sql IMMUTABLE;
select str_to_date('2022-01-01', '%Y-%m-%d');
 str_to_date 
-------------
 2021-04-22
(1 row)

create database test_postgres_db with lightdb_syntax_compatible_type 'off';
\c test_postgres_db;
-- set date style
set DateStyle to ISO;
set DateStyle to YMD;
show DateStyle;
 DateStyle 
-----------
 ISO, YMD
(1 row)

create function str_to_date(text,text) returns time
as $$ select cast('10:20:30' as time) $$ language sql IMMUTABLE;
select str_to_date('2022-01-01', '%Y-%m-%d');
 str_to_date 
-------------
 10:20:30
(1 row)

drop function str_to_date;
\c test_mysql_myfce;
drop database test_oracle_db;
drop database test_postgres_db;
-- set date style
set DateStyle to ISO;
set DateStyle to YMD;
show DateStyle;
 DateStyle 
-----------
 ISO, YMD
(1 row)

-- set interval style to postgres, has four value(sql_standard,postgres,postgres_verbose,iso_8601)
set intervalstyle to postgres;
show intervalstyle;
 IntervalStyle 
---------------
 postgres
(1 row)

-- check mysql schema
create schema google;
create function google.str_to_date(text,text) returns date
as $$ select cast('2021-04-22' as date) $$ language sql IMMUTABLE;
select google.str_to_date('2022-01-01', '%Y-%m-%d');
 str_to_date 
-------------
 2021-04-22
(1 row)

create function google.STR_TO_DAT(int) returns date
as $$ select cast('2021-04-22' as date) $$ language sql IMMUTABLE;
select google.str_to_dat(2023);
 str_to_dat 
------------
 2021-04-22
(1 row)

drop function google.str_to_date;
drop function google.STR_TO_DAT;
drop schema google;
-- ban str_to_date format use bind variable
prepare cacheplan1(text) as select str_to_date('11:30:00',$1);
ERROR:  function str_to_date not support bind variable, format must be string
prepare cacheplan2(text) as select mysql.str_to_date('11:30:00',$1);
ERROR:  function str_to_date not support bind variable, format must be string
prepare cacheplan3(text,text) as select str_to_date($1,$2);
ERROR:  function str_to_date not support bind variable, format must be string
prepare cacheplan4(int) as select str_to_date('11:30:00',$1);
ERROR:  function str_to_date not support bind variable, format must be string
prepare cacheplan5(text) as select str_to_date($1,'%Y-%m-%d %H:%i:%s');
prepare cacheplan6(text) as select mysql.str_to_date($1,$2);
ERROR:  function str_to_date not support bind variable, format must be string
-- test str_to_date format
select str_to_date('09:00:00', '%h:%i:%s');
 str_to_date 
-------------
 09:00:00
(1 row)

select str_to_date('2022-05-26 11:30:00','%Y-%m-%d');
 str_to_date 
-------------
 2022-05-26
(1 row)

select str_to_date('2022-05-26 11:30:00','%Y-%m-%d %H:%i:%s');
     str_to_date     
---------------------
 2022-05-26 11:30:00
(1 row)

select str_to_date('09:00:00', '%h:%i:%s') as a;
    a     
----------
 09:00:00
(1 row)

select str_to_date('2022-05-26 11:30:00','%Y-%m-%d') as a;
     a      
------------
 2022-05-26
(1 row)

select str_to_date('2022-05-26 11:30:00','%Y-%m-%d %H:%i:%s') as a;
          a          
---------------------
 2022-05-26 11:30:00
(1 row)

SELECT STR_TO_DATE('a09:30:17','a%h:%i:%s');
 str_to_date 
-------------
 09:30:17
(1 row)

-- test return datetime
select str_to_date('2022-05-26 11:30:59','%Y-%m-%d %H:%i:%s');
     str_to_date     
---------------------
 2022-05-26 11:30:59
(1 row)

select str_to_date('2022-05-26 23:00:00','%Y-%m-%d %H:%i:%s');
     str_to_date     
---------------------
 2022-05-26 23:00:00
(1 row)

select str_to_date('2022,5,27 10,40,10','%Y,%m,%d %h,%i,%s');
     str_to_date     
---------------------
 2022-05-27 10:40:10
(1 row)

select str_to_date('20220525 1130','%Y%m%d %h%i');
     str_to_date     
---------------------
 2022-05-25 11:30:00
(1 row)

SELECT STR_TO_DATE('04/11/2022 13:30','%d/%m/%Y %H:%i');
     str_to_date     
---------------------
 2022-11-04 13:30:00
(1 row)

SELECT STR_TO_DATE('Nov 05 2022 02:30 PM','%b %d %Y %h:%i %p');
     str_to_date     
---------------------
 2022-11-05 14:30:00
(1 row)

SELECT STR_TO_DATE('2022-11-06 17:29:30','%Y-%m-%d %T');
     str_to_date     
---------------------
 2022-11-06 17:29:30
(1 row)

SELECT STR_TO_DATE('Monday 7th November 2022 13:45:30','%W %D %M %Y %T');
     str_to_date     
---------------------
 2022-11-07 13:45:30
(1 row)

SELECT STR_TO_DATE('2022,11,10 12,12,12', '%Y,%m,%d %h,%i,%s');
     str_to_date     
---------------------
 2022-11-10 00:12:12
(1 row)

SELECT STR_TO_DATE('2022-12-11 11:12:26','%Y-%m-%d %h:%i:%s');
     str_to_date     
---------------------
 2022-12-11 11:12:26
(1 row)

SELECT STR_TO_DATE('2022-12-11 14:12:26','%Y-%m-%d %H:%i:%s');
     str_to_date     
---------------------
 2022-12-11 14:12:26
(1 row)

SELECT STR_TO_DATE('May 1, 2013','%M %d,%Y,%h:%i:%s');
     str_to_date     
---------------------
 2013-05-01 00:00:00
(1 row)

SELECT STR_TO_DATE('2022-12-11','%Y-%m-%d %H:%i:%s');
     str_to_date     
---------------------
 2022-12-11 00:00:00
(1 row)

-- test return date
select str_to_date('2022-05-26','%Y-%m-%d');
 str_to_date 
-------------
 2022-05-26
(1 row)

select str_to_date('2022-05-26 11:00:00','%Y-%m-%d');
 str_to_date 
-------------
 2022-05-26
(1 row)

select str_to_date('August,5,2022', '%M,%e,%Y');
 str_to_date 
-------------
 2022-08-05
(1 row)

select str_to_date('2022,5,27 10,40,10','%Y,%m,%d');
 str_to_date 
-------------
 2022-05-27
(1 row)

select str_to_date('20220525 1130','%Y%m%d');
 str_to_date 
-------------
 2022-05-25
(1 row)

select str_to_date('20220525','%Y%m%d');
 str_to_date 
-------------
 2022-05-25
(1 row)

SELECT STR_TO_DATE('25,5,2022','%d,%m,%Y');
 str_to_date 
-------------
 2022-05-25
(1 row)

SELECT STR_TO_DATE('August 10 2022', '%M %d %Y');
 str_to_date 
-------------
 2022-08-10
(1 row)

SELECT STR_TO_DATE('August,5,2022', '%M,%e,%Y');
 str_to_date 
-------------
 2022-08-05
(1 row)

SELECT STR_TO_DATE('Monday, August 14, 2022', '%W,%M %e, %Y');
 str_to_date 
-------------
 2022-08-14
(1 row)

SELECT STR_TO_DATE('2022/11/01','%Y/%m/%d');
 str_to_date 
-------------
 2022-11-01
(1 row)

SELECT STR_TO_DATE('03/11/2022','%e/%c/%Y');
 str_to_date 
-------------
 2022-11-03
(1 row)

SELECT STR_TO_DATE('25,5,2022 extra characters','%d,%m,%Y');
 str_to_date 
-------------
 2022-05-25
(1 row)

SELECT STR_TO_DATE('November,8,2022', '%M,%e,%Y');
 str_to_date 
-------------
 2022-11-08
(1 row)

SELECT STR_TO_DATE('Wednesday November 09 2022', '%W %M %e %Y');
 str_to_date 
-------------
 2022-11-09
(1 row)

SELECT str_to_date('01,05,2013','%d,%m,%Y');
 str_to_date 
-------------
 2013-05-01
(1 row)

SELECT str_to_date('May 1, 2013','%M %d,%Y');
 str_to_date 
-------------
 2013-05-01
(1 row)

SELECT str_to_date('04/30/2004', '%m/%d/%Y');
 str_to_date 
-------------
 2004-04-30
(1 row)

SELECT STR_TO_DATE('2022-12-11 11:12:26','%Y-%m-%d');
 str_to_date 
-------------
 2022-12-11
(1 row)

-- test return date in sql_mode no_zero_date
set lightdb_sql_mode to 'no_zero_date';
show lightdb_sql_mode;
 lightdb_sql_mode 
------------------
 no_zero_date
(1 row)

SELECT str_to_date('9','%d');
 str_to_date 
-------------
 
(1 row)

SELECT str_to_date('9','%m');
 str_to_date 
-------------
 
(1 row)

SELECT str_to_date('1999','%Y%d');
 str_to_date 
-------------
 
(1 row)

SELECT str_to_date('1999','%Y');
 str_to_date 
-------------
 
(1 row)

select str_to_date('August,5', '%M,%e,%Y');
 str_to_date 
-------------
 
(1 row)

select str_to_date('August,5', '%M,%e');
 str_to_date 
-------------
 
(1 row)

select str_to_date('2022,5,27 10,40,10','%Y,%d');
 str_to_date 
-------------
 
(1 row)

SELECT STR_TO_DATE('03/11/2022','%e/%c/');
 str_to_date 
-------------
 
(1 row)

SELECT str_to_date('May 1, 2013','%M %d');
 str_to_date 
-------------
 
(1 row)

SELECT STR_TO_DATE('Wednesday November 09 2022', '%W %M %e');
 str_to_date 
-------------
 
(1 row)

SELECT STR_TO_DATE('25,5,2022 extra characters','%d,%m');
 str_to_date 
-------------
 
(1 row)

SELECT STR_TO_DATE('2022-12-11 11:12:26','%Y-%m');
 str_to_date 
-------------
 
(1 row)

-- test return date in sql_mode with no no_zero_date, result is different from mysql
set lightdb_sql_mode to '';
show lightdb_sql_mode;
 lightdb_sql_mode 
------------------
 
(1 row)

SELECT str_to_date('9','%m');   
  str_to_date  
---------------
 0001-09-01 BC
(1 row)

SELECT str_to_date('1999','%Y%d');
 str_to_date 
-------------
 1999-01-01
(1 row)

SELECT str_to_date('1999','%Y');    -- pg return 1999-01-01, mysql return 1999-00-00
 str_to_date 
-------------
 1999-01-01
(1 row)

-- test return time
select str_to_date('09:00:59', '%h:%i:%s');
 str_to_date 
-------------
 09:00:59
(1 row)

SELECT STR_TO_DATE('09:30:17a','%h:%i:%s');
 str_to_date 
-------------
 09:30:17
(1 row)

select str_to_date('11:30:00 2022-05-26','%H:%i:%s');
 str_to_date 
-------------
 11:30:00
(1 row)

select str_to_date('10,40,10', '%h,%i,%s');
 str_to_date 
-------------
 10:40:10
(1 row)

select str_to_date('10,40,50', '%h,%i,%s');
 str_to_date 
-------------
 10:40:50
(1 row)

SELECT STR_TO_DATE('11:12:26','%h:%i:%s');
 str_to_date 
-------------
 11:12:26
(1 row)

SELECT STR_TO_DATE('13','%H');
 str_to_date 
-------------
 13:00:00
(1 row)

SELECT STR_TO_DATE('9','%h');
 str_to_date 
-------------
 09:00:00
(1 row)

SELECT STR_TO_DATE('9','%i');
 str_to_date 
-------------
 00:09:00
(1 row)

SELECT STR_TO_DATE('9','%s');
 str_to_date 
-------------
 00:00:09
(1 row)

-- return error in pg, return null in mysql
set lightdb_sql_mode to 'no_zero_date';
show lightdb_sql_mode;
 lightdb_sql_mode 
------------------
 no_zero_date
(1 row)

SELECT str_to_date('13','%m');
ERROR:  date/time field value out of range: "13"
SELECT str_to_date('32','%d');
ERROR:  date/time field value out of range: "32"
SELECT STR_TO_DATE('61','%s');
ERROR:  date/time field value out of range: "61"
SELECT STR_TO_DATE('25','%H');
ERROR:  date/time field value out of range: "25"
SELECT STR_TO_DATE('61','%i');
ERROR:  date/time field value out of range: "61"
set lightdb_sql_mode to '';
show lightdb_sql_mode;
 lightdb_sql_mode 
------------------
 
(1 row)

SELECT str_to_date('13','%m');
ERROR:  date/time field value out of range: "13"
SELECT str_to_date('32','%d');
ERROR:  date/time field value out of range: "32"
SELECT STR_TO_DATE('61','%s');
ERROR:  date/time field value out of range: "61"
SELECT STR_TO_DATE('25','%H');
ERROR:  date/time field value out of range: "25"
SELECT STR_TO_DATE('61','%i');
ERROR:  date/time field value out of range: "61"
-- test return null in any sql_mode
SELECT str_to_date(null ,'%Y-%m-%d');
 str_to_date 
-------------
 
(1 row)

-- test nest function call
select date_part('year', str_to_date('2022,5,27 10,40,30', '%Y,%m,%d %h,%i,%s'));
 date_part 
-----------
      2022
(1 row)

select date_part('month', str_to_date('2022,5,27 10,40,30', '%Y,%m,%d %h,%i,%s'));
 date_part 
-----------
         5
(1 row)

select date_part('day', str_to_date('2022,5,27 10,40,30', '%Y,%m,%d %h,%i,%s'));
 date_part 
-----------
        27
(1 row)

select date_part('hour', str_to_date('2022,5,27 10,40,30', '%Y,%m,%d %h,%i,%s'));
 date_part 
-----------
        10
(1 row)

select date_part('year', str_to_date('2022,5,27', '%Y,%m,%d'));
 date_part 
-----------
      2022
(1 row)

select date_part('month', str_to_date('2022,5,27', '%Y,%m,%d'));
 date_part 
-----------
         5
(1 row)

select date_part('day', str_to_date('2022,5,27', '%Y,%m,%d'));
 date_part 
-----------
        27
(1 row)

select date_part('hour', str_to_date('10,40,30', '%h,%i,%s'));
 date_part 
-----------
        10
(1 row)

select date_part('minute', str_to_date('10,40,30', '%h,%i,%s'));
 date_part 
-----------
        40
(1 row)

select date_part('second', str_to_date('10,40,30', '%h,%i,%s'));
 date_part 
-----------
        30
(1 row)

select age(str_to_date('2022,5,27 10,40,30', '%Y,%m,%d %h,%i,%s'), str_to_date('2022,5,27 10,40,30', '%Y,%m,%d %h,%i,%s'));
   age    
----------
 00:00:00
(1 row)

select age(str_to_date('2022,5,27 10,40,30', '%Y,%m,%d %h,%i,%s'), str_to_date('2022,5,27 10,40,30', '%Y,%m,%d %h,%i,%s')) + interval 1 hour;
 ?column? 
----------
 01:00:00
(1 row)

select age(timestamp '2022-10-27 20:21:23', str_to_date('2022,5,27 11,00,00', '%Y,%m,%d %h,%i,%s'));
       age       
-----------------
 5 mons 09:21:23
(1 row)

select date_trunc('hour', str_to_date('2022,5,27 10,40,30', '%Y,%m,%d %h,%i,%s'));
     date_trunc      
---------------------
 2022-05-27 10:00:00
(1 row)

select extract(quarter from str_to_date('2001-02-16 10:38:40', '%Y-%m-%d %h:%i:%s'));
 date_part 
-----------
         1
(1 row)

select extract(hour from str_to_date('2022,5,27 10,40,30', '%Y,%m,%d %h,%i,%s'));
 date_part 
-----------
        10
(1 row)

select extract(minute from str_to_date('09:00:59', '%h:%i:%s'));
 date_part 
-----------
         0
(1 row)

select extract(second from str_to_date('09:00:59', '%h:%i:%s'));
 date_part 
-----------
        59
(1 row)

select isfinite(str_to_date('2022,5,27 10,40,30', '%Y,%m,%d %h,%i,%s'));
 isfinite 
----------
 t
(1 row)

SELECT DATEDIFF(str_to_date('2007-12-31 3:59:59', '%Y-%m-%d %h:%i:%s'),'2007-12-30');
 datediff 
----------
        1
(1 row)

select timediff(str_to_date('2000-01-01 10:00:00', '%Y-%m-%d %h:%i:%s'), '2000-01-01 00:00:00');
 timediff 
----------
 10:00:00
(1 row)

select cast(str_to_date('2007-12-31 3:59:59', '%Y-%m-%d %h:%i:%s') as time);
 str_to_date 
-------------
 03:59:59
(1 row)

select cast(str_to_date('2007-12-31 3:59:59', '%Y-%m-%d %h:%i:%s') as date);
 str_to_date 
-------------
 2007-12-31
(1 row)

select date_part('yea', str_to_date('2022,5,27 10,40,30', '%Y,%m,%d %h,%i,%s'));  -- fail
ERROR:  timestamp units "yea" not recognized
select extract(year from str_to_date('09:00:59', '%h:%i:%s'));  -- fail
ERROR:  "time" units "year" not recognized
CREATE FUNCTION func_date(v DATE) RETURNS text AS $$
BEGIN
    RETURN  v::text;
END;
$$ LANGUAGE plpgsql;
select func_date(str_to_date('04/30/2004', '%m/%d/%Y'));
 func_date  
------------
 2004-04-30
(1 row)

CREATE FUNCTION func_time(v TIME) RETURNS text AS $$
BEGIN
    RETURN  v::text;
END;
$$ LANGUAGE plpgsql;
select func_time(STR_TO_DATE('12:12:26','%H:%i:%s'));
 func_time 
-----------
 12:12:26
(1 row)

CREATE FUNCTION func_datetime(v datetime) RETURNS text AS $$
BEGIN
    RETURN  v::text;
END;
$$ LANGUAGE plpgsql;
select func_datetime(STR_TO_DATE('May 1, 2013,9:5:6','%M %d,%Y,%h:%i:%s'));
    func_datetime    
---------------------
 2013-05-01 09:05:06
(1 row)

drop function func_date;
drop function func_time;
drop function func_datetime;
-- test str_to_date in procedure
CREATE FUNCTION func_to_date(v text) RETURNS date AS
$$
	select str_to_date($1, '%Y-%m-%d')
$$ LANGUAGE SQL;
select func_to_date('2021-05-09');
 func_to_date 
--------------
 2021-05-09
(1 row)

drop function func_to_date;
-- test interval with str_to_date
select str_to_date('2022,5,27 10,40,30', '%Y,%m,%d %h,%i,%s') + interval 1 year;
      ?column?       
---------------------
 2023-05-27 10:40:30
(1 row)

select str_to_date('2022,5,27 10,40,30', '%Y,%m,%d %h,%i,%s') - interval 1 year;
      ?column?       
---------------------
 2021-05-27 10:40:30
(1 row)

select str_to_date('2022,12,27 10,40,30', '%Y,%m,%d %h,%i,%s') + interval 1 month;
      ?column?       
---------------------
 2023-01-27 10:40:30
(1 row)

select str_to_date('2022,5,27 10,40,30', '%Y,%m,%d %h,%i,%s') - interval 1 month;
      ?column?       
---------------------
 2022-04-27 10:40:30
(1 row)

select str_to_date('2022,5,27 10,40,30', '%Y,%m,%d %h,%i,%s') + interval 1 hour;
      ?column?       
---------------------
 2022-05-27 11:40:30
(1 row)

select str_to_date('2022,5,27 10,40,30', '%Y,%m,%d %h,%i,%s') - interval 1 hour;
      ?column?       
---------------------
 2022-05-27 09:40:30
(1 row)

select str_to_date('25,5,2022','%d,%m,%Y') + interval 1 hour;
      ?column?       
---------------------
 2022-05-25 01:00:00
(1 row)

select str_to_date('25,5,2022','%d,%m,%Y') - interval 1 hour;
      ?column?       
---------------------
 2022-05-24 23:00:00
(1 row)

select str_to_date('25,5,2022','%d,%m,%Y') + interval 1 day;
      ?column?       
---------------------
 2022-05-26 00:00:00
(1 row)

select str_to_date('25,5,2022','%d,%m,%Y') - interval 1 day;
      ?column?       
---------------------
 2022-05-24 00:00:00
(1 row)

select str_to_date('09:00:59', '%h:%i:%s') + interval 1 hour;
 ?column? 
----------
 10:00:59
(1 row)

select str_to_date('09:00:59', '%h:%i:%s') - interval 1 hour;
 ?column? 
----------
 08:00:59
(1 row)

select str_to_date('09:00:59', '%h:%i:%s') + interval 1 hour + interval 1 hour;
 ?column? 
----------
 11:00:59
(1 row)

select str_to_date('09:00:59', '%h:%i:%s') - interval 1 hour - interval 1 hour;
 ?column? 
----------
 07:00:59
(1 row)

select str_to_date('12:00:00', '%H:%i:%s') + interval 12 hour;
 ?column? 
----------
 00:00:00
(1 row)

select str_to_date('12:00:00', '%H:%i:%s') - interval 12 hour;
 ?column? 
----------
 00:00:00
(1 row)

-- postgres and mysql are different
select str_to_date('2022-05-26 11:30:00','%Y-%m-%d') + integer '1';   -- fail in mysql
  ?column?  
------------
 2022-05-27
(1 row)

SELECT str_to_date('01,5,2013','%d,%m,%Y') + 1;    -- in mysql return an integer like 20130502, but in postgres return a date
  ?column?  
------------
 2013-05-02
(1 row)

SELECT STR_TO_DATE('11:12:26','%h:%i:%s') + 1;     -- in mysql return an integer like 111227, fail in postgres
ERROR:  operator does not exist: time without time zone + integer
LINE 1: SELECT STR_TO_DATE('11:12:26','%h:%i:%s') + 1;
                                                  ^
HINT:  No operator matches the given name and argument types. You might need to add explicit type casts.
SELECT STR_TO_DATE('2022-12-11 14:12:26','%Y-%m-%d %H:%i:%s') + 1;  -- fail in postgres, in mysql return an integer like 20221211141227
ERROR:  operator does not exist: timestamp without time zone + integer
LINE 1: ... STR_TO_DATE('2022-12-11 14:12:26','%Y-%m-%d %H:%i:%s') + 1;
                                                                   ^
HINT:  No operator matches the given name and argument types. You might need to add explicit type casts.
select str_to_date('25,5,2022','%d,%m,%Y') + time '03:00';  -- in postgres return a datetime like 2022-05-25 03:00:00, in mysql return an integer like 20250525
      ?column?       
---------------------
 2022-05-25 03:00:00
(1 row)

select str_to_date('2022-05-26','%Y-%m-%d') + str_to_date('09:00:00', '%h:%i:%s');
      ?column?       
---------------------
 2022-05-26 09:00:00
(1 row)

select str_to_date('2022,5,27 10,40,30', '%Y,%m,%d %h,%i,%s') + interval '1 hour';  -- in mysql, same to: interval 1 hour
      ?column?       
---------------------
 2022-05-27 11:40:30
(1 row)

select str_to_date('2022,5,27 10,40,30', '%Y,%m,%d %h,%i,%s') - interval '1 hour';
      ?column?       
---------------------
 2022-05-27 09:40:30
(1 row)

SELECT mysql.str_to_date('01,5,2013','%d,%m,%Y') + interval '2 years';
      ?column?       
---------------------
 2015-05-01 00:00:00
(1 row)

SELECT mysql.str_to_date('01,5,2013','%d,%m,%Y') + interval '2 month';
      ?column?       
---------------------
 2013-07-01 00:00:00
(1 row)

SELECT mysql.str_to_date('01,5,2013','%d,%m,%Y') + interval '2 day';
      ?column?       
---------------------
 2013-05-03 00:00:00
(1 row)

SELECT mysql.STR_TO_DATE('11:12:26','%h:%i:%s') + interval '2 hour';
 ?column? 
----------
 13:12:26
(1 row)

SELECT mysql.STR_TO_DATE('11:12:26','%h:%i:%s') + interval '2 minute';
 ?column? 
----------
 11:14:26
(1 row)

SELECT mysql.STR_TO_DATE('10:12:26','%h:%i:%s') + interval '2 SECOND';
 ?column? 
----------
 10:12:28
(1 row)

SELECT mysql.STR_TO_DATE('10:12:26','%h:%i:%s') + interval '2';
 ?column? 
----------
 10:12:28
(1 row)

SELECT mysql.str_to_date('01,5,2013','%d,%m,%Y') + interval '2';
      ?column?       
---------------------
 2013-05-01 00:00:02
(1 row)

SELECT mysql.STR_TO_DATE('2022-12-11 14:12:26','%Y-%m-%d %H:%i:%s') +interval '2';
      ?column?       
---------------------
 2022-12-11 14:12:28
(1 row)

select str_to_date('25,6,2022','%d,%m,%Y') - str_to_date('20,5,2022','%d,%m,%Y');
 ?column? 
----------
       36
(1 row)

