set lightdb_syntax_compatible_type = mysql;
set search_path to "$user",public,lt_catalog,mysql;
create table test_truncate_tb1 (sid smallint,id int,lid int8,num numeric,f4 float,f8 double precision);
insert into test_truncate_tb1 values(1,2,12,1.2,1.3,1.4);
create table test_truncate_tb2 as select truncate(sid,1) as col0, truncate(id,1) as co1,truncate(lid,1) as co2,truncate(f4,1) as co3,truncate(f8,1) as co4,truncate(num,1) as co5,truncate(1.5,2) as co6 from test_truncate_tb1;
\d test_truncate_tb2
              Table "public.test_truncate_tb2"
 Column |       Type       | Collation | Nullable | Default 
--------+------------------+-----------+----------+---------
 col0   | integer          |           |          | 
 co1    | integer          |           |          | 
 co2    | bigint           |           |          | 
 co3    | double precision |           |          | 
 co4    | double precision |           |          | 
 co5    | numeric          |           |          | 
 co6    | numeric          |           |          | 

drop table test_truncate_tb1;
drop table test_truncate_tb2;
SELECT TRUNCATE(123.4567, 3);
 truncate 
----------
  123.456
(1 row)

SELECT TRUNCATE(123.4567, 2);
 truncate 
----------
   123.45
(1 row)

SELECT TRUNCATE(123.4567, 1);
 truncate 
----------
    123.4
(1 row)

SELECT TRUNCATE(123.4567, 0);
 truncate 
----------
      123
(1 row)

SELECT TRUNCATE(123.4567, -1);
 truncate 
----------
      120
(1 row)

SELECT TRUNCATE(123.4567, -2);
 truncate 
----------
      100
(1 row)

SELECT TRUNCATE(123.4567, -3);
 truncate 
----------
        0
(1 row)

SELECT TRUNCATE(123.4567, 1.7);
 truncate 
----------
   123.45
(1 row)

SELECT TRUNCATE(123.4567, 1.3);
 truncate 
----------
    123.4
(1 row)

SELECT TRUNCATE(123.4567, 2.0);
 truncate 
----------
   123.45
(1 row)

SELECT TRUNCATE('123.4567', '2.0');
ERROR:  invalid input syntax for type integer: "2.0"
LINE 1: SELECT TRUNCATE('123.4567', '2.0');
                                    ^
SELECT TRUNCATE(123.4567, '2.0');
ERROR:  invalid input syntax for type integer: "2.0"
LINE 1: SELECT TRUNCATE(123.4567, '2.0');
                                  ^
SELECT TRUNCATE('123.4567', 2.0);
ERROR:  invalid input syntax for type integer: "123.4567"
LINE 1: SELECT TRUNCATE('123.4567', 2.0);
                        ^
select TRUNCATE('1111111111111111111',2);
       truncate       
----------------------
 1.11111111111111e+18
(1 row)

select truncate(1.7,'1');
 truncate 
----------
      1.7
(1 row)

select truncate(1.7,1);
 truncate 
----------
      1.7
(1 row)

select truncate(1,'1');
 truncate 
----------
        1
(1 row)

select truncate(1,1);
 truncate 
----------
        1
(1 row)

select truncate('5','1');
 truncate 
----------
        5
(1 row)

select truncate('5',1);
 truncate 
----------
        5
(1 row)

select truncate(1.7::numeric,'1');
 truncate 
----------
      1.7
(1 row)

select truncate(1.7::numeric,1);
 truncate 
----------
      1.7
(1 row)

select truncate(1.7::float8,'1');
 truncate 
----------
      1.7
(1 row)

select truncate(1.7::float8,1);
 truncate 
----------
      1.7
(1 row)

select truncate(1.7::float4,'1');
 truncate 
----------
      1.7
(1 row)

select truncate(1.7::float4,1);
 truncate 
----------
      1.7
(1 row)

select truncate(1::bigint,'1');
 truncate 
----------
        1
(1 row)

select truncate(1::bigint,1);
 truncate 
----------
        1
(1 row)

select truncate(2::smallint,'1');
 truncate 
----------
        2
(1 row)

select truncate(2::smallint,1);
 truncate 
----------
        2
(1 row)

select truncate(3::int,'1');
 truncate 
----------
        3
(1 row)

select truncate(3::int,1);
 truncate 
----------
        3
(1 row)

SELECT TRUNCATE(123.4567, 100);
                                                 truncate                                                 
----------------------------------------------------------------------------------------------------------
 123.4567000000000000000000000000000000000000000000000000000000000000000000000000000000000000000000000000
(1 row)

SELECT TRUNCATE(0, 5);
 truncate 
----------
        0
(1 row)

SELECT TRUNCATE(0, -5);
 truncate 
----------
        0
(1 row)

SELECT TRUNCATE(0, 0);
 truncate 
----------
        0
(1 row)

SELECT TRUNCATE(0.0005, 2);
 truncate 
----------
     0.00
(1 row)

set search_path to default;
set lightdb_syntax_compatible_type = off;
